#! /usr/bin/vvp
:ivl_version "12.0 (stable)" "(v12_0-dirty)";
:ivl_delay_selection "TYPICAL";
:vpi_time_precision + 0;
:vpi_module "/usr/lib/ivl/system.vpi";
:vpi_module "/usr/lib/ivl/vhdl_sys.vpi";
:vpi_module "/usr/lib/ivl/vhdl_textio.vpi";
:vpi_module "/usr/lib/ivl/v2005_math.vpi";
:vpi_module "/usr/lib/ivl/va_math.vpi";
S_0x5595bc32fee0 .scope module, "mcs_sim_tb" "mcs_sim_tb" 2 1;
 .timescale 0 0;
v0x5595bc35ba50_0 .var "clk", 0 0;
v0x5595bc35bb10_0 .var "cmd", 7 0;
v0x5595bc35bc20_0 .var "data_in", 7 0;
v0x5595bc35bcc0_0 .net "data_out", 7 0, v0x5595bc35b030_0;  1 drivers
v0x5595bc35bd90_0 .var "dst_addr", 31 0;
v0x5595bc35bed0_0 .net "dst_addr_out", 31 0, v0x5595bc35b220_0;  1 drivers
v0x5595bc35bf90_0 .var "executable", 0 0;
v0x5595bc35c030_0 .net "led", 0 0, v0x5595bc35a430_0;  1 drivers
v0x5595bc35c100_0 .var "src_addr", 31 0;
v0x5595bc35c1a0_0 .net "src_addr_out", 31 0, v0x5595bc35b570_0;  1 drivers
v0x5595bc35c240_0 .net "valid", 0 0, v0x5595bc35b7f0_0;  1 drivers
S_0x5595bc330070 .scope module, "dut" "mcs_sim" 2 14, 3 1 0, S_0x5595bc32fee0;
 .timescale 0 0;
    .port_info 0 /INPUT 1 "clk";
    .port_info 1 /INPUT 8 "cmd";
    .port_info 2 /INPUT 32 "src_addr";
    .port_info 3 /INPUT 32 "dst_addr";
    .port_info 4 /OUTPUT 1 "led";
v0x5595bc322260_0 .net "clk", 0 0, v0x5595bc35ba50_0;  1 drivers
v0x5595bc35a290_0 .net "cmd", 7 0, v0x5595bc35bb10_0;  1 drivers
v0x5595bc35a370_0 .net "dst_addr", 31 0, v0x5595bc35bd90_0;  1 drivers
v0x5595bc35a430_0 .var "led", 0 0;
v0x5595bc35a4f0_0 .net "src_addr", 31 0, v0x5595bc35c100_0;  1 drivers
E_0x5595bc33c690 .event posedge, v0x5595bc322260_0;
S_0x5595bc35a6c0 .scope module, "protein" "mcs_protein" 2 15, 4 1 0, S_0x5595bc32fee0;
 .timescale 0 0;
    .port_info 0 /INPUT 1 "clk";
    .port_info 1 /INPUT 8 "cmd_in";
    .port_info 2 /INPUT 32 "src_addr_in";
    .port_info 3 /INPUT 32 "dst_addr_in";
    .port_info 4 /INPUT 8 "data_in";
    .port_info 5 /OUTPUT 8 "data_out";
    .port_info 6 /OUTPUT 32 "src_addr_out";
    .port_info 7 /OUTPUT 32 "dst_addr_out";
    .port_info 8 /INPUT 1 "executable";
    .port_info 9 /OUTPUT 1 "valid";
P_0x5595bc35a8c0 .param/l "STATE_CMD" 0 4 15, C4<001>;
P_0x5595bc35a900 .param/l "STATE_DST" 0 4 17, C4<011>;
P_0x5595bc35a940 .param/l "STATE_IDLE" 0 4 14, C4<000>;
P_0x5595bc35a980 .param/l "STATE_SRC" 0 4 16, C4<010>;
P_0x5595bc35a9c0 .param/l "STATE_SYNC" 0 4 18, C4<100>;
v0x5595bc35ad40_0 .net "clk", 0 0, v0x5595bc35ba50_0;  alias, 1 drivers
v0x5595bc35ade0_0 .net "cmd_in", 7 0, v0x5595bc35bb10_0;  alias, 1 drivers
v0x5595bc35ae80_0 .var "cmd_reg", 7 0;
v0x5595bc35af50_0 .net "data_in", 7 0, v0x5595bc35bc20_0;  1 drivers
v0x5595bc35b030_0 .var "data_out", 7 0;
v0x5595bc35b160_0 .net "dst_addr_in", 31 0, v0x5595bc35bd90_0;  alias, 1 drivers
v0x5595bc35b220_0 .var "dst_addr_out", 31 0;
v0x5595bc35b2e0_0 .var "dst_addr_reg", 31 0;
v0x5595bc35b3c0_0 .net "executable", 0 0, v0x5595bc35bf90_0;  1 drivers
v0x5595bc35b480_0 .net "src_addr_in", 31 0, v0x5595bc35c100_0;  alias, 1 drivers
v0x5595bc35b570_0 .var "src_addr_out", 31 0;
v0x5595bc35b630_0 .var "src_addr_reg", 31 0;
v0x5595bc35b710_0 .var "state", 2 0;
v0x5595bc35b7f0_0 .var "valid", 0 0;
    .scope S_0x5595bc330070;
T_0 ;
    %wait E_0x5595bc33c690;
    %load/vec4 v0x5595bc35a290_0;
    %dup/vec4;
    %pushi/vec4 1, 0, 8;
    %cmp/u;
    %jmp/1 T_0.0, 6;
    %dup/vec4;
    %pushi/vec4 2, 0, 8;
    %cmp/u;
    %jmp/1 T_0.1, 6;
    %dup/vec4;
    %pushi/vec4 3, 0, 8;
    %cmp/u;
    %jmp/1 T_0.2, 6;
    %dup/vec4;
    %pushi/vec4 4, 0, 8;
    %cmp/u;
    %jmp/1 T_0.3, 6;
    %pushi/vec4 0, 0, 1;
    %assign/vec4 v0x5595bc35a430_0, 0;
    %jmp T_0.5;
T_0.0 ;
    %pushi/vec4 1, 0, 1;
    %assign/vec4 v0x5595bc35a430_0, 0;
    %jmp T_0.5;
T_0.1 ;
    %pushi/vec4 1, 0, 1;
    %assign/vec4 v0x5595bc35a430_0, 0;
    %jmp T_0.5;
T_0.2 ;
    %pushi/vec4 1, 0, 1;
    %assign/vec4 v0x5595bc35a430_0, 0;
    %jmp T_0.5;
T_0.3 ;
    %pushi/vec4 1, 0, 1;
    %assign/vec4 v0x5595bc35a430_0, 0;
    %jmp T_0.5;
T_0.5 ;
    %pop/vec4 1;
    %jmp T_0;
    .thread T_0;
    .scope S_0x5595bc35a6c0;
T_1 ;
    %pushi/vec4 0, 0, 3;
    %store/vec4 v0x5595bc35b710_0, 0, 3;
    %pushi/vec4 0, 0, 8;
    %store/vec4 v0x5595bc35ae80_0, 0, 8;
    %pushi/vec4 0, 0, 32;
    %store/vec4 v0x5595bc35b630_0, 0, 32;
    %pushi/vec4 0, 0, 32;
    %store/vec4 v0x5595bc35b2e0_0, 0, 32;
    %end;
    .thread T_1;
    .scope S_0x5595bc35a6c0;
T_2 ;
    %wait E_0x5595bc33c690;
    %load/vec4 v0x5595bc35b710_0;
    %dup/vec4;
    %pushi/vec4 0, 0, 3;
    %cmp/u;
    %jmp/1 T_2.0, 6;
    %dup/vec4;
    %pushi/vec4 3, 0, 3;
    %cmp/u;
    %jmp/1 T_2.1, 6;
    %dup/vec4;
    %pushi/vec4 4, 0, 3;
    %cmp/u;
    %jmp/1 T_2.2, 6;
    %pushi/vec4 0, 0, 3;
    %assign/vec4 v0x5595bc35b710_0, 0;
    %jmp T_2.4;
T_2.0 ;
    %pushi/vec4 0, 0, 1;
    %assign/vec4 v0x5595bc35b7f0_0, 0;
    %load/vec4 v0x5595bc35ade0_0;
    %cmpi/ne 0, 0, 8;
    %jmp/0xz  T_2.5, 4;
    %load/vec4 v0x5595bc35ade0_0;
    %assign/vec4 v0x5595bc35ae80_0, 0;
    %load/vec4 v0x5595bc35b480_0;
    %cmpi/ne 0, 0, 32;
    %jmp/0xz  T_2.7, 4;
    %load/vec4 v0x5595bc35b480_0;
    %assign/vec4 v0x5595bc35b630_0, 0;
T_2.7 ;
    %load/vec4 v0x5595bc35b160_0;
    %cmpi/ne 0, 0, 32;
    %jmp/0xz  T_2.9, 4;
    %load/vec4 v0x5595bc35b160_0;
    %assign/vec4 v0x5595bc35b2e0_0, 0;
T_2.9 ;
    %pushi/vec4 3, 0, 3;
    %assign/vec4 v0x5595bc35b710_0, 0;
T_2.5 ;
    %jmp T_2.4;
T_2.1 ;
    %load/vec4 v0x5595bc35b3c0_0;
    %flag_set/vec4 8;
    %jmp/0xz  T_2.11, 8;
    %load/vec4 v0x5595bc35ae80_0;
    %cmpi/e 1, 0, 8;
    %jmp/0xz  T_2.13, 4;
    %load/vec4 v0x5595bc35af50_0;
    %assign/vec4 v0x5595bc35b030_0, 0;
    %pushi/vec4 0, 0, 32;
    %assign/vec4 v0x5595bc35b570_0, 0;
    %pushi/vec4 0, 0, 32;
    %assign/vec4 v0x5595bc35b220_0, 0;
    %jmp T_2.14;
T_2.13 ;
    %load/vec4 v0x5595bc35ae80_0;
    %cmpi/e 5, 0, 8;
    %jmp/0xz  T_2.15, 4;
    %pushi/vec4 4, 0, 3;
    %assign/vec4 v0x5595bc35b710_0, 0;
    %jmp T_2.16;
T_2.15 ;
    %load/vec4 v0x5595bc35af50_0;
    %assign/vec4 v0x5595bc35b030_0, 0;
    %load/vec4 v0x5595bc35b630_0;
    %assign/vec4 v0x5595bc35b570_0, 0;
    %load/vec4 v0x5595bc35b2e0_0;
    %assign/vec4 v0x5595bc35b220_0, 0;
T_2.16 ;
T_2.14 ;
    %pushi/vec4 1, 0, 1;
    %assign/vec4 v0x5595bc35b7f0_0, 0;
    %jmp T_2.12;
T_2.11 ;
    %pushi/vec4 0, 0, 8;
    %assign/vec4 v0x5595bc35b030_0, 0;
    %pushi/vec4 0, 0, 1;
    %assign/vec4 v0x5595bc35b7f0_0, 0;
T_2.12 ;
    %pushi/vec4 0, 0, 3;
    %assign/vec4 v0x5595bc35b710_0, 0;
    %jmp T_2.4;
T_2.2 ;
    %load/vec4 v0x5595bc35b3c0_0;
    %flag_set/vec4 8;
    %jmp/0xz  T_2.17, 8;
    %load/vec4 v0x5595bc35af50_0;
    %assign/vec4 v0x5595bc35b030_0, 0;
    %pushi/vec4 1, 0, 32;
    %assign/vec4 v0x5595bc35b570_0, 0;
    %pushi/vec4 2, 0, 32;
    %assign/vec4 v0x5595bc35b220_0, 0;
    %pushi/vec4 1, 0, 1;
    %assign/vec4 v0x5595bc35b7f0_0, 0;
    %jmp T_2.18;
T_2.17 ;
    %pushi/vec4 0, 0, 8;
    %assign/vec4 v0x5595bc35b030_0, 0;
    %pushi/vec4 0, 0, 1;
    %assign/vec4 v0x5595bc35b7f0_0, 0;
T_2.18 ;
    %pushi/vec4 0, 0, 3;
    %assign/vec4 v0x5595bc35b710_0, 0;
    %jmp T_2.4;
T_2.4 ;
    %pop/vec4 1;
    %jmp T_2;
    .thread T_2;
    .scope S_0x5595bc32fee0;
T_3 ;
    %pushi/vec4 0, 0, 1;
    %store/vec4 v0x5595bc35ba50_0, 0, 1;
    %pushi/vec4 0, 0, 8;
    %store/vec4 v0x5595bc35bb10_0, 0, 8;
    %pushi/vec4 0, 0, 32;
    %store/vec4 v0x5595bc35c100_0, 0, 32;
    %pushi/vec4 0, 0, 32;
    %store/vec4 v0x5595bc35bd90_0, 0, 32;
    %pushi/vec4 0, 0, 8;
    %store/vec4 v0x5595bc35bc20_0, 0, 8;
    %pushi/vec4 1, 0, 1;
    %store/vec4 v0x5595bc35bf90_0, 0, 1;
    %delay 0, 0;
    %pushi/vec4 1, 0, 8;
    %store/vec4 v0x5595bc35bb10_0, 0, 8;
    %pushi/vec4 0, 0, 32;
    %store/vec4 v0x5595bc35c100_0, 0, 32;
    %pushi/vec4 0, 0, 32;
    %store/vec4 v0x5595bc35bd90_0, 0, 32;
    %pushi/vec4 72, 0, 8;
    %store/vec4 v0x5595bc35bc20_0, 0, 8;
    %pushi/vec4 1, 0, 1;
    %store/vec4 v0x5595bc35bf90_0, 0, 1;
    %delay 25, 0;
    %pushi/vec4 2, 0, 8;
    %store/vec4 v0x5595bc35bb10_0, 0, 8;
    %pushi/vec4 0, 0, 32;
    %store/vec4 v0x5595bc35c100_0, 0, 32;
    %pushi/vec4 16, 0, 32;
    %store/vec4 v0x5595bc35bd90_0, 0, 32;
    %pushi/vec4 170, 0, 8;
    %store/vec4 v0x5595bc35bc20_0, 0, 8;
    %pushi/vec4 1, 0, 1;
    %store/vec4 v0x5595bc35bf90_0, 0, 1;
    %delay 20, 0;
    %pushi/vec4 3, 0, 8;
    %store/vec4 v0x5595bc35bb10_0, 0, 8;
    %pushi/vec4 2, 0, 32;
    %store/vec4 v0x5595bc35c100_0, 0, 32;
    %pushi/vec4 18, 0, 32;
    %store/vec4 v0x5595bc35bd90_0, 0, 32;
    %pushi/vec4 204, 0, 8;
    %store/vec4 v0x5595bc35bc20_0, 0, 8;
    %pushi/vec4 1, 0, 1;
    %store/vec4 v0x5595bc35bf90_0, 0, 1;
    %delay 20, 0;
    %pushi/vec4 4, 0, 8;
    %store/vec4 v0x5595bc35bb10_0, 0, 8;
    %pushi/vec4 4, 0, 32;
    %store/vec4 v0x5595bc35c100_0, 0, 32;
    %pushi/vec4 20, 0, 32;
    %store/vec4 v0x5595bc35bd90_0, 0, 32;
    %pushi/vec4 221, 0, 8;
    %store/vec4 v0x5595bc35bc20_0, 0, 8;
    %pushi/vec4 1, 0, 1;
    %store/vec4 v0x5595bc35bf90_0, 0, 1;
    %delay 25, 0;
    %pushi/vec4 5, 0, 8;
    %store/vec4 v0x5595bc35bb10_0, 0, 8;
    %pushi/vec4 0, 0, 32;
    %store/vec4 v0x5595bc35c100_0, 0, 32;
    %pushi/vec4 0, 0, 32;
    %store/vec4 v0x5595bc35bd90_0, 0, 32;
    %pushi/vec4 25, 0, 8;
    %store/vec4 v0x5595bc35bc20_0, 0, 8;
    %pushi/vec4 1, 0, 1;
    %store/vec4 v0x5595bc35bf90_0, 0, 1;
T_3.0 ;
    %delay 5, 0;
    %load/vec4 v0x5595bc35ba50_0;
    %inv;
    %store/vec4 v0x5595bc35ba50_0, 0, 1;
    %jmp T_3.0;
    %end;
    .thread T_3;
    .scope S_0x5595bc32fee0;
T_4 ;
    %vpi_call 2 42 "$dumpfile", "mcs_sim.vcd" {0 0 0};
    %vpi_call 2 43 "$dumpvars", 32'sb00000000000000000000000000000000, S_0x5595bc32fee0 {0 0 0};
    %delay 120, 0;
    %vpi_call 2 44 "$finish" {0 0 0};
    %end;
    .thread T_4;
# The file index is used to find the file name in the following table.
:file_names 5;
    "N/A";
    "<interactive>";
    "Kernprozesse/mcs_sim_tb.v";
    "Kernprozesse/mcs_sim.v";
    "Proteine/mcs_protein.v";
